\BOOKMARK [1][-]{section.1}{\376\377\000P\000r\000e\000s\000e\000n\000t\000a\000t\000i\000o\000n\000\040\000g\000e\000n\000e\000r\000a\000l\000e}{}% 1
\BOOKMARK [2][-]{subsection.1.1}{\376\377\000C\000o\000m\000p\000e\000t\000e\000n\000c\000e\000s\000\040\000v\000i\000s\000e\000e\000s}{section.1}% 2
\BOOKMARK [1][-]{section.2}{\376\377\000V\000u\000e\000\040\000d\000'\000e\000n\000s\000e\000m\000b\000l\000e\000\040\000a\000n\000n\000o\000t\000e\000e}{}% 3
\BOOKMARK [1][-]{section.3}{\376\377\000A\000l\000i\000m\000e\000n\000t\000a\000t\000i\000o\000n\000\040\000e\000t\000\040\000s\000e\000c\000u\000r\000i\000t\000e}{}% 4
\BOOKMARK [2][-]{subsection.3.1}{\376\377\000A\000r\000c\000h\000i\000t\000e\000c\000t\000u\000r\000e\000\040\000g\000e\000n\000e\000r\000a\000l\000e}{section.3}% 5
\BOOKMARK [2][-]{subsection.3.2}{\376\377\000C\000a\000v\000a\000l\000i\000e\000r\000\040\000J\0001\0000\000\040\000:\000\040\000r\000e\000g\000l\000e\000\040\000a\000\040\000r\000e\000t\000e\000n\000i\000r}{section.3}% 6
\BOOKMARK [1][-]{section.4}{\376\377\000C\000o\000n\000n\000e\000c\000t\000e\000u\000r\000s\000\040\000e\000t\000\040\000c\000a\000b\000l\000a\000g\000e}{}% 7
\BOOKMARK [2][-]{subsection.4.1}{\376\377\000H\000e\000a\000d\000e\000r\000s\000\040\000p\000r\000i\000n\000c\000i\000p\000a\000u\000x}{section.4}% 8
\BOOKMARK [2][-]{subsection.4.2}{\376\377\000C\000o\000n\000n\000e\000c\000t\000e\000u\000r\000s\000\040\000d\000e\000\040\000p\000u\000i\000s\000s\000a\000n\000c\000e\000\040\000e\000t\000\040\000b\000r\000o\000c\000h\000e\000s\000\040\000a\000\040\000r\000e\000p\000e\000r\000e\000r}{section.4}% 9
\BOOKMARK [1][-]{section.5}{\376\377\000M\000o\000d\000u\000l\000e\000s\000\040\000d\000'\000e\000n\000t\000r\000e\000e}{}% 10
\BOOKMARK [2][-]{subsection.5.1}{\376\377\000B\000o\000u\000t\000o\000n\000s\000\040\000B\000P\0001\000\040\000a\000\040\000B\000P\0005}{section.5}% 11
\BOOKMARK [2][-]{subsection.5.2}{\376\377\000D\000I\000P\000-\000s\000w\000i\000t\000c\000h\000\040\0006\000\040\000p\000o\000s\000i\000t\000i\000o\000n\000s}{section.5}% 12
\BOOKMARK [2][-]{subsection.5.3}{\376\377\000E\000n\000c\000o\000d\000e\000u\000r\000\040\000K\000Y\0000\0004\0000}{section.5}% 13
\BOOKMARK [2][-]{subsection.5.4}{\376\377\000E\000n\000t\000r\000e\000e\000s\000\040\000a\000n\000a\000l\000o\000g\000i\000q\000u\000e\000s\000\040\000:\000\040\000P\000O\000T\0001\000,\000\040\000P\000O\000T\0002\000,\000\040\000L\000M\0003\0005\000\040\000e\000t\000\040\000L\000D\000R}{section.5}% 14
\BOOKMARK [1][-]{section.6}{\376\377\000M\000o\000d\000u\000l\000e\000s\000\040\000d\000e\000\040\000s\000o\000r\000t\000i\000e}{}% 15
\BOOKMARK [2][-]{subsection.6.1}{\376\377\000L\000E\000D\000s\000\040\000s\000i\000m\000p\000l\000e\000s}{section.6}% 16
\BOOKMARK [2][-]{subsection.6.2}{\376\377\000B\000u\000z\000z\000e\000r}{section.6}% 17
\BOOKMARK [1][-]{section.7}{\376\377\000A\000f\000f\000i\000c\000h\000a\000g\000e}{}% 18
\BOOKMARK [2][-]{subsection.7.1}{\376\377\000L\000C\000D\000\040\0001\0006\0000\0002}{section.7}% 19
\BOOKMARK [2][-]{subsection.7.2}{\376\377\000A\000f\000f\000i\000c\000h\000e\000u\000r\000\040\0007\000\040\000s\000e\000g\000m\000e\000n\000t\000s\000\040\0004\000\040\000d\000i\000g\000i\000t\000s}{section.7}% 20
\BOOKMARK [2][-]{subsection.7.3}{\376\377\000M\000a\000t\000r\000i\000c\000e\000\040\000L\000E\000D\000\040\0008\000x\0008}{section.7}% 21
\BOOKMARK [1][-]{section.8}{\376\377\000C\000i\000r\000c\000u\000i\000t\000s\000\040\000d\000'\000e\000x\000t\000e\000n\000s\000i\000o\000n\000\040\000l\000o\000g\000i\000q\000u\000e}{}% 22
\BOOKMARK [2][-]{subsection.8.1}{\376\377\0007\0004\000H\000C\0005\0009\0005\000N}{section.8}% 23
\BOOKMARK [2][-]{subsection.8.2}{\376\377\000P\000C\000F\0008\0005\0007\0004\000N}{section.8}% 24
\BOOKMARK [2][-]{subsection.8.3}{\376\377\000S\000N\0007\0004\000A\000H\000C\000T\0001\0002\0005}{section.8}% 25
\BOOKMARK [1][-]{section.9}{\376\377\000C\000o\000m\000m\000u\000n\000i\000c\000a\000t\000i\000o\000n\000\040\000U\000S\000B\000-\000s\000e\000r\000i\000e}{}% 26
\BOOKMARK [1][-]{section.10}{\376\377\000C\000o\000m\000m\000a\000n\000d\000e\000\040\000d\000e\000\040\000p\000u\000i\000s\000s\000a\000n\000c\000e\000\040\000b\000a\000s\000s\000e\000\040\000t\000e\000n\000s\000i\000o\000n}{}% 27
\BOOKMARK [2][-]{subsection.10.1}{\376\377\000R\000e\000l\000a\000i\000s\000\040\000S\000R\000D\000-\000D\000C\0005\000V\000-\000S\000L\000-\000C}{section.10}% 28
\BOOKMARK [2][-]{subsection.10.2}{\376\377\000M\000O\000S\000F\000E\000T\000\040\000I\000R\000F\000Z\0004\0004\000N}{section.10}% 29
\BOOKMARK [2][-]{subsection.10.3}{\376\377\000P\000o\000n\000t\000\040\000e\000n\000\040\000H}{section.10}% 30
\BOOKMARK [1][-]{section.11}{\376\377\000P\000r\000o\000c\000e\000d\000u\000r\000e\000\040\000d\000e\000\040\000p\000r\000i\000s\000e\000\040\000e\000n\000\040\000m\000a\000i\000n\000\040\000r\000a\000p\000i\000d\000e}{}% 31
\BOOKMARK [1][-]{section.12}{\376\377\000E\000x\000e\000m\000p\000l\000e\000s\000\040\000d\000e\000\040\000T\000P}{}% 32
\BOOKMARK [1][-]{section.13}{\376\377\000D\000e\000p\000a\000n\000n\000a\000g\000e\000\040\000r\000a\000p\000i\000d\000e}{}% 33
\BOOKMARK [1][-]{section.14}{\376\377\000B\000o\000n\000n\000e\000s\000\040\000p\000r\000a\000t\000i\000q\000u\000e\000s\000\040\000p\000o\000u\000r\000\040\000l\000e\000s\000\040\000e\000t\000u\000d\000i\000a\000n\000t\000s}{}% 34
\BOOKMARK [1][-]{section.15}{\376\377\000A\000n\000n\000e\000x\000e\000\040\000A\000\040\040\023\000\040\000R\000e\000s\000u\000m\000e\000\040\000f\000o\000n\000c\000t\000i\000o\000n\000n\000e\000l\000\040\000d\000e\000s\000\040\000c\000o\000m\000p\000o\000s\000a\000n\000t\000s\000\040\000p\000r\000i\000n\000c\000i\000p\000a\000u\000x}{}% 35
\BOOKMARK [1][-]{section.16}{\376\377\000A\000n\000n\000e\000x\000e\000\040\000B\000\040\040\023\000\040\000A\000c\000c\000e\000s\000\040\000a\000u\000x\000\040\000r\000e\000s\000s\000o\000u\000r\000c\000e\000s}{}% 36
